// Jest Snapshot v1, https://goo.gl/fbAQLP

exports[`<App> renders correctly 1`] = `
<View
  style={
    Array [
      Object {
        "flex": 1,
        "height": "100%",
        "position": "relative",
      },
      Object {
        "backgroundColor": "#F8E6B0",
      },
    ]
  }
>
  <View
    accessibilityIgnoresInvertColors={true}
    style={
      Object {
        "alignItems": "center",
        "backgroundColor": "#EEB35F",
        "borderBottomColor": "#f2f2f2",
        "borderBottomWidth": 0.5,
        "flexDirection": "row",
        "height": 50,
        "justifyContent": "space-between",
        "paddingHorizontal": 10,
        "paddingTop": 0,
      }
    }
  >
    <Image
      style={
        Array [
          Object {
            "bottom": 0,
            "left": 0,
            "position": "absolute",
            "right": 0,
            "top": 0,
          },
          Object {
            "height": 50,
            "width": undefined,
          },
          undefined,
        ]
      }
      testID="headerContainer"
    />
    <View
      style={
        Object {
          "alignItems": "flex-start",
          "flex": 1,
        }
      }
    />
    <View
      style={
        Object {
          "alignItems": "center",
          "flex": 3,
        }
      }
    >
      <Text
        numberOfLines={1}
        style={
          Object {
            "color": "#FCE9C4",
            "fontSize": 18,
            "fontWeight": "bold",
          }
        }
        text="Cassflow Game Assistant"
        theme={
          Object {
            "colors": Object {
              "disabled": "hsl(208, 8%, 90%)",
              "divider": "#bcbbc1",
              "error": "#ff190c",
              "grey0": "#393e42",
              "grey1": "#43484d",
              "grey2": "#5e6977",
              "grey3": "#86939e",
              "grey4": "#bdc6cf",
              "grey5": "#e1e8ee",
              "greyOutline": "#bbb",
              "platform": Object {
                "android": Object {
                  "error": "#f44336",
                  "primary": "#2196f3",
                  "secondary": "#9C27B0",
                  "success": "#4caf50",
                  "warning": "#ffeb3b",
                },
                "ios": Object {
                  "error": "#ff3b30",
                  "primary": "#007aff",
                  "secondary": "#5856d6",
                  "success": "#4cd964",
                  "warning": "#ffcc00",
                },
              },
              "primary": "#2089dc",
              "searchBg": "#303337",
              "secondary": "#8F0CE8",
              "success": "#52c41a",
              "warning": "#faad14",
            },
          }
        }
      >
        Cassflow Game Assistant
      </Text>
    </View>
    <View
      style={
        Object {
          "alignItems": "flex-end",
          "flex": 1,
        }
      }
    >
      <Text
        allowFontScaling={false}
        onPress={[Function]}
        style={
          Array [
            Object {
              "color": "#F8E6B0",
              "fontSize": 36,
            },
            undefined,
            Object {
              "fontFamily": "FontAwesome",
              "fontStyle": "normal",
              "fontWeight": "normal",
            },
            Object {},
          ]
        }
        testID="headerNavicon"
        underlayColor="#EEB35F"
      >
        
      </Text>
    </View>
  </View>
  <RCTSafeAreaView
    emulateUnlessSupported={true}
    style={
      Object {
        "flex": 1,
      }
    }
  >
    <View
      style={
        Object {
          "flex": 1,
          "flexDirection": "column",
          "flexWrap": "wrap",
        }
      }
    >
      <View
        style={
          Object {
            "flex": 1,
            "flexDirection": "row",
          }
        }
      >
        <View
          style={
            Array [
              Object {
                "flex": 1,
                "flexDirection": "column",
                "justifyContent": "space-around",
                "paddingHorizontal": 16,
              },
              Object {
                "backgroundColor": "#F8E6B0",
              },
            ]
          }
        >
          <View>
            <Text
              style={
                Object {
                  "fontWeight": "bold",
                }
              }
            >
              Zawód:
               
            </Text>
            <Text>
              Nauczyciel
            </Text>
          </View>
          <View>
            <Text
              style={
                Object {
                  "fontWeight": "bold",
                }
              }
            >
              Audytor:
               
            </Text>
            <Text>
              Martyna :)
            </Text>
          </View>
          <View>
            <Text
              style={
                Object {
                  "fontWeight": "bold",
                }
              }
            >
              Marzenie:
               
            </Text>
            <Text>
              Założyć własną galerię sztuki współczesnej w Krakowie
            </Text>
          </View>
        </View>
        <View
          style={
            Array [
              Object {
                "flex": 1,
                "flexDirection": "column",
                "justifyContent": "space-around",
                "paddingHorizontal": 16,
              },
              Object {
                "backgroundColor": "#F8E6B0",
              },
            ]
          }
        >
          <View>
            <Text
              style={
                Object {
                  "fontWeight": "bold",
                }
              }
            >
              Gotówka:
               
            </Text>
            <Text>
              800$
            </Text>
          </View>
          <View>
            <Text
              style={
                Object {
                  "fontWeight": "bold",
                }
              }
            >
              Miesięczny przepływ:
               
            </Text>
            <Text>
              700$
            </Text>
          </View>
          <View>
            <Text
              style={
                Object {
                  "fontWeight": "bold",
                }
              }
            >
              Przepływ pasywny:
               
            </Text>
            <Text>
              200$
            </Text>
          </View>
        </View>
      </View>
      <View
        style={
          Object {
            "backgroundColor": "#EEB35F",
            "height": 3,
          }
        }
      />
      <View
        style={
          Object {
            "flex": 1,
            "flexDirection": "row",
            "flexWrap": "wrap",
          }
        }
      >
        <View
          style={
            Object {
              "borderRadius": 3,
              "flex": 1,
            }
          }
        >
          <View
            accessible={true}
            focusable={true}
            onClick={[Function]}
            onResponderGrant={[Function]}
            onResponderMove={[Function]}
            onResponderRelease={[Function]}
            onResponderTerminate={[Function]}
            onResponderTerminationRequest={[Function]}
            onStartShouldSetResponder={[Function]}
            style={
              Object {
                "opacity": 1,
              }
            }
          >
            <View
              style={
                Object {
                  "alignItems": "center",
                  "backgroundColor": "#FFD024",
                  "borderColor": "#2089dc",
                  "borderRadius": 0,
                  "borderWidth": 0,
                  "flex": 1,
                  "flexDirection": "row",
                  "justifyContent": "center",
                  "padding": 8,
                }
              }
            >
              <Text
                style={
                  Object {
                    "color": "white",
                    "fontSize": 18,
                    "paddingBottom": 1,
                    "paddingTop": 2,
                    "textAlign": "center",
                  }
                }
              >
                Wypłata
              </Text>
            </View>
          </View>
        </View>
        <View
          style={
            Object {
              "borderRadius": 3,
              "flex": 1,
            }
          }
        >
          <View
            accessible={true}
            focusable={true}
            onClick={[Function]}
            onResponderGrant={[Function]}
            onResponderMove={[Function]}
            onResponderRelease={[Function]}
            onResponderTerminate={[Function]}
            onResponderTerminationRequest={[Function]}
            onStartShouldSetResponder={[Function]}
            style={
              Object {
                "opacity": 1,
              }
            }
          >
            <View
              style={
                Object {
                  "alignItems": "center",
                  "backgroundColor": "#C5DF41",
                  "borderColor": "#2089dc",
                  "borderRadius": 0,
                  "borderWidth": 0,
                  "flex": 1,
                  "flexDirection": "row",
                  "justifyContent": "center",
                  "padding": 8,
                }
              }
            >
              <Text
                style={
                  Object {
                    "color": "white",
                    "fontSize": 18,
                    "paddingBottom": 1,
                    "paddingTop": 2,
                    "textAlign": "center",
                  }
                }
              >
                Dokonaj transakcji
              </Text>
            </View>
          </View>
        </View>
      </View>
      <View
        style={
          Object {
            "flex": 1,
            "flexDirection": "row",
            "flexWrap": "wrap",
          }
        }
      >
        <View
          style={
            Object {
              "borderRadius": 3,
              "flex": 1,
            }
          }
        >
          <View
            accessible={true}
            focusable={true}
            onClick={[Function]}
            onResponderGrant={[Function]}
            onResponderMove={[Function]}
            onResponderRelease={[Function]}
            onResponderTerminate={[Function]}
            onResponderTerminationRequest={[Function]}
            onStartShouldSetResponder={[Function]}
            style={
              Object {
                "opacity": 1,
              }
            }
          >
            <View
              style={
                Object {
                  "alignItems": "center",
                  "backgroundColor": "#FF3822",
                  "borderColor": "#2089dc",
                  "borderRadius": 0,
                  "borderWidth": 0,
                  "flex": 1,
                  "flexDirection": "row",
                  "justifyContent": "center",
                  "padding": 8,
                }
              }
            >
              <Text
                style={
                  Object {
                    "color": "white",
                    "fontSize": 18,
                    "paddingBottom": 1,
                    "paddingTop": 2,
                    "textAlign": "center",
                  }
                }
              >
                Nowy wydatek
              </Text>
            </View>
          </View>
        </View>
        <View
          style={
            Object {
              "borderRadius": 3,
              "flex": 1,
            }
          }
        >
          <View
            accessible={true}
            focusable={true}
            onClick={[Function]}
            onResponderGrant={[Function]}
            onResponderMove={[Function]}
            onResponderRelease={[Function]}
            onResponderTerminate={[Function]}
            onResponderTerminationRequest={[Function]}
            onStartShouldSetResponder={[Function]}
            style={
              Object {
                "opacity": 1,
              }
            }
          >
            <View
              style={
                Object {
                  "alignItems": "center",
                  "backgroundColor": "#8B1263",
                  "borderColor": "#2089dc",
                  "borderRadius": 0,
                  "borderWidth": 0,
                  "flex": 1,
                  "flexDirection": "row",
                  "justifyContent": "center",
                  "padding": 8,
                }
              }
            >
              <Text
                style={
                  Object {
                    "color": "white",
                    "fontSize": 18,
                    "paddingBottom": 1,
                    "paddingTop": 2,
                    "textAlign": "center",
                  }
                }
              >
                Inne
              </Text>
            </View>
          </View>
        </View>
      </View>
      <View
        style={
          Object {
            "flex": 1,
            "flexDirection": "row",
            "flexWrap": "wrap",
          }
        }
      >
        <View
          style={
            Object {
              "borderRadius": 3,
              "flex": 1,
            }
          }
        >
          <View
            accessible={true}
            focusable={true}
            onClick={[Function]}
            onResponderGrant={[Function]}
            onResponderMove={[Function]}
            onResponderRelease={[Function]}
            onResponderTerminate={[Function]}
            onResponderTerminationRequest={[Function]}
            onStartShouldSetResponder={[Function]}
            style={
              Object {
                "opacity": 1,
              }
            }
          >
            <View
              style={
                Object {
                  "alignItems": "center",
                  "backgroundColor": "#98B342",
                  "borderColor": "#2089dc",
                  "borderRadius": 0,
                  "borderWidth": 0,
                  "flex": 1,
                  "flexDirection": "row",
                  "justifyContent": "center",
                  "padding": 8,
                }
              }
            >
              <Text
                style={
                  Object {
                    "color": "white",
                    "fontSize": 18,
                    "paddingBottom": 1,
                    "paddingTop": 2,
                    "textAlign": "center",
                  }
                }
              >
                Weź pożyczkę
              </Text>
            </View>
          </View>
        </View>
        <View
          style={
            Object {
              "borderRadius": 3,
              "flex": 1,
            }
          }
        >
          <View
            accessible={true}
            focusable={true}
            onClick={[Function]}
            onResponderGrant={[Function]}
            onResponderMove={[Function]}
            onResponderRelease={[Function]}
            onResponderTerminate={[Function]}
            onResponderTerminationRequest={[Function]}
            onStartShouldSetResponder={[Function]}
            style={
              Object {
                "opacity": 1,
              }
            }
          >
            <View
              style={
                Object {
                  "alignItems": "center",
                  "backgroundColor": "#828CCA",
                  "borderColor": "#2089dc",
                  "borderRadius": 0,
                  "borderWidth": 0,
                  "flex": 1,
                  "flexDirection": "row",
                  "justifyContent": "center",
                  "padding": 8,
                }
              }
            >
              <Text
                style={
                  Object {
                    "color": "white",
                    "fontSize": 18,
                    "paddingBottom": 1,
                    "paddingTop": 2,
                    "textAlign": "center",
                  }
                }
              >
                Finanse
              </Text>
            </View>
          </View>
        </View>
      </View>
      <View
        style={
          Object {
            "flex": 1,
            "flexDirection": "row",
            "flexWrap": "wrap",
          }
        }
      >
        <View
          style={
            Object {
              "borderRadius": 3,
              "flex": 1,
            }
          }
        >
          <View
            accessible={true}
            focusable={true}
            onClick={[Function]}
            onResponderGrant={[Function]}
            onResponderMove={[Function]}
            onResponderRelease={[Function]}
            onResponderTerminate={[Function]}
            onResponderTerminationRequest={[Function]}
            onStartShouldSetResponder={[Function]}
            style={
              Object {
                "opacity": 1,
              }
            }
          >
            <View
              style={
                Object {
                  "alignItems": "center",
                  "backgroundColor": "#753558",
                  "borderColor": "#2089dc",
                  "borderRadius": 0,
                  "borderWidth": 0,
                  "flex": 1,
                  "flexDirection": "row",
                  "justifyContent": "center",
                  "padding": 8,
                }
              }
            >
              <Text
                style={
                  Object {
                    "color": "white",
                    "fontSize": 18,
                    "paddingBottom": 1,
                    "paddingTop": 2,
                    "textAlign": "center",
                  }
                }
              >
                Pasywa i aktywa
              </Text>
            </View>
          </View>
        </View>
        <View
          style={
            Object {
              "borderRadius": 3,
              "flex": 1,
            }
          }
        >
          <View
            accessible={true}
            focusable={true}
            onClick={[Function]}
            onResponderGrant={[Function]}
            onResponderMove={[Function]}
            onResponderRelease={[Function]}
            onResponderTerminate={[Function]}
            onResponderTerminationRequest={[Function]}
            onStartShouldSetResponder={[Function]}
            style={
              Object {
                "opacity": 1,
              }
            }
          >
            <View
              style={
                Object {
                  "alignItems": "center",
                  "backgroundColor": "#F65D05",
                  "borderColor": "#2089dc",
                  "borderRadius": 0,
                  "borderWidth": 0,
                  "flex": 1,
                  "flexDirection": "row",
                  "justifyContent": "center",
                  "padding": 8,
                }
              }
            >
              <Text
                style={
                  Object {
                    "color": "white",
                    "fontSize": 18,
                    "paddingBottom": 1,
                    "paddingTop": 2,
                    "textAlign": "center",
                  }
                }
              >
                Historia
              </Text>
            </View>
          </View>
        </View>
      </View>
    </View>
  </RCTSafeAreaView>
</View>
`;
